// Jest Snapshot v1, https://goo.gl/fbAQLP

exports[`<DropDown /> spec renders the component 1`] = `undefined`;
