// Jest Snapshot v1, https://goo.gl/fbAQLP

exports[`<SearchResults /> spec renders the component 1`] = `undefined`;
